Archive member included to satisfy reference by file (symbol)

C:/ST/STM32CubeIDE_1.14.1/STM32CubeIDE/plugins/com.st.stm32cube.ide.mcu.externaltools.gnu-tools-for-stm32.11.3.rel1.win32_1.1.100.202309141235/tools/bin/../lib/gcc/arm-none-eabi/11.3.1/../../../../arm-none-eabi/lib/thumb/v7-m/nofp\libc_nano.a(libc_a-exit.o)
                              C:/ST/STM32CubeIDE_1.14.1/STM32CubeIDE/plugins/com.st.stm32cube.ide.mcu.externaltools.gnu-tools-for-stm32.11.3.rel1.win32_1.1.100.202309141235/tools/bin/../lib/gcc/arm-none-eabi/11.3.1/../../../../arm-none-eabi/lib/thumb/v7-m/nofp/crt0.o (exit)
C:/ST/STM32CubeIDE_1.14.1/STM32CubeIDE/plugins/com.st.stm32cube.ide.mcu.externaltools.gnu-tools-for-stm32.11.3.rel1.win32_1.1.100.202309141235/tools/bin/../lib/gcc/arm-none-eabi/11.3.1/../../../../arm-none-eabi/lib/thumb/v7-m/nofp\libc_nano.a(libc_a-findfp.o)
                              C:/ST/STM32CubeIDE_1.14.1/STM32CubeIDE/plugins/com.st.stm32cube.ide.mcu.externaltools.gnu-tools-for-stm32.11.3.rel1.win32_1.1.100.202309141235/tools/bin/../lib/gcc/arm-none-eabi/11.3.1/../../../../arm-none-eabi/lib/thumb/v7-m/nofp\libc_nano.a(libc_a-exit.o) (__stdio_exit_handler)
C:/ST/STM32CubeIDE_1.14.1/STM32CubeIDE/plugins/com.st.stm32cube.ide.mcu.externaltools.gnu-tools-for-stm32.11.3.rel1.win32_1.1.100.202309141235/tools/bin/../lib/gcc/arm-none-eabi/11.3.1/../../../../arm-none-eabi/lib/thumb/v7-m/nofp\libc_nano.a(libc_a-fwalk.o)
                              C:/ST/STM32CubeIDE_1.14.1/STM32CubeIDE/plugins/com.st.stm32cube.ide.mcu.externaltools.gnu-tools-for-stm32.11.3.rel1.win32_1.1.100.202309141235/tools/bin/../lib/gcc/arm-none-eabi/11.3.1/../../../../arm-none-eabi/lib/thumb/v7-m/nofp\libc_nano.a(libc_a-findfp.o) (_fwalk_sglue)
C:/ST/STM32CubeIDE_1.14.1/STM32CubeIDE/plugins/com.st.stm32cube.ide.mcu.externaltools.gnu-tools-for-stm32.11.3.rel1.win32_1.1.100.202309141235/tools/bin/../lib/gcc/arm-none-eabi/11.3.1/../../../../arm-none-eabi/lib/thumb/v7-m/nofp\libc_nano.a(libc_a-stdio.o)
                              C:/ST/STM32CubeIDE_1.14.1/STM32CubeIDE/plugins/com.st.stm32cube.ide.mcu.externaltools.gnu-tools-for-stm32.11.3.rel1.win32_1.1.100.202309141235/tools/bin/../lib/gcc/arm-none-eabi/11.3.1/../../../../arm-none-eabi/lib/thumb/v7-m/nofp\libc_nano.a(libc_a-findfp.o) (__sread)
C:/ST/STM32CubeIDE_1.14.1/STM32CubeIDE/plugins/com.st.stm32cube.ide.mcu.externaltools.gnu-tools-for-stm32.11.3.rel1.win32_1.1.100.202309141235/tools/bin/../lib/gcc/arm-none-eabi/11.3.1/../../../../arm-none-eabi/lib/thumb/v7-m/nofp\libc_nano.a(libc_a-memset.o)
                              C:/ST/STM32CubeIDE_1.14.1/STM32CubeIDE/plugins/com.st.stm32cube.ide.mcu.externaltools.gnu-tools-for-stm32.11.3.rel1.win32_1.1.100.202309141235/tools/bin/../lib/gcc/arm-none-eabi/11.3.1/../../../../arm-none-eabi/lib/thumb/v7-m/nofp/crt0.o (memset)
C:/ST/STM32CubeIDE_1.14.1/STM32CubeIDE/plugins/com.st.stm32cube.ide.mcu.externaltools.gnu-tools-for-stm32.11.3.rel1.win32_1.1.100.202309141235/tools/bin/../lib/gcc/arm-none-eabi/11.3.1/../../../../arm-none-eabi/lib/thumb/v7-m/nofp\libc_nano.a(libc_a-closer.o)
                              C:/ST/STM32CubeIDE_1.14.1/STM32CubeIDE/plugins/com.st.stm32cube.ide.mcu.externaltools.gnu-tools-for-stm32.11.3.rel1.win32_1.1.100.202309141235/tools/bin/../lib/gcc/arm-none-eabi/11.3.1/../../../../arm-none-eabi/lib/thumb/v7-m/nofp\libc_nano.a(libc_a-stdio.o) (_close_r)
C:/ST/STM32CubeIDE_1.14.1/STM32CubeIDE/plugins/com.st.stm32cube.ide.mcu.externaltools.gnu-tools-for-stm32.11.3.rel1.win32_1.1.100.202309141235/tools/bin/../lib/gcc/arm-none-eabi/11.3.1/../../../../arm-none-eabi/lib/thumb/v7-m/nofp\libc_nano.a(libc_a-reent.o)
                              C:/ST/STM32CubeIDE_1.14.1/STM32CubeIDE/plugins/com.st.stm32cube.ide.mcu.externaltools.gnu-tools-for-stm32.11.3.rel1.win32_1.1.100.202309141235/tools/bin/../lib/gcc/arm-none-eabi/11.3.1/../../../../arm-none-eabi/lib/thumb/v7-m/nofp\libc_nano.a(libc_a-closer.o) (errno)
C:/ST/STM32CubeIDE_1.14.1/STM32CubeIDE/plugins/com.st.stm32cube.ide.mcu.externaltools.gnu-tools-for-stm32.11.3.rel1.win32_1.1.100.202309141235/tools/bin/../lib/gcc/arm-none-eabi/11.3.1/../../../../arm-none-eabi/lib/thumb/v7-m/nofp\libc_nano.a(libc_a-impure.o)
                              C:/ST/STM32CubeIDE_1.14.1/STM32CubeIDE/plugins/com.st.stm32cube.ide.mcu.externaltools.gnu-tools-for-stm32.11.3.rel1.win32_1.1.100.202309141235/tools/bin/../lib/gcc/arm-none-eabi/11.3.1/../../../../arm-none-eabi/lib/thumb/v7-m/nofp\libc_nano.a(libc_a-reent.o) (_impure_ptr)
C:/ST/STM32CubeIDE_1.14.1/STM32CubeIDE/plugins/com.st.stm32cube.ide.mcu.externaltools.gnu-tools-for-stm32.11.3.rel1.win32_1.1.100.202309141235/tools/bin/../lib/gcc/arm-none-eabi/11.3.1/../../../../arm-none-eabi/lib/thumb/v7-m/nofp\libc_nano.a(libc_a-lseekr.o)
[...]
Memory Configuration

Name             Origin             Length             Attributes
RAM              0x0000000020000000 0x0000000000002800 xrw
FLASH            0x0000000008000000 0x0000000000008000 xr
*default*        0x0000000000000000 0xffffffffffffffff

Linker script and memory map

LOAD C:/ST/STM32CubeIDE_1.14.1/STM32CubeIDE/plugins/com.st.stm32cube.ide.mcu.externaltools.gnu-tools-for-stm32.11.3.rel1.win32_1.1.100.202309141235/tools/bin/../lib/gcc/arm-none-eabi/11.3.1/thumb/v7-m/nofp/crti.o
LOAD C:/ST/STM32CubeIDE_1.14.1/STM32CubeIDE/plugins/com.st.stm32cube.ide.mcu.externaltools.gnu-tools-for-stm32.11.3.rel1.win32_1.1.100.202309141235/tools/bin/../lib/gcc/arm-none-eabi/11.3.1/thumb/v7-m/nofp/crtbegin.o
LOAD C:/ST/STM32CubeIDE_1.14.1/STM32CubeIDE/plugins/com.st.stm32cube.ide.mcu.externaltools.gnu-tools-for-stm32.11.3.rel1.win32_1.1.100.202309141235/tools/bin/../lib/gcc/arm-none-eabi/11.3.1/../../../../arm-none-eabi/lib/thumb/v7-m/nofp/crt0.o
LOAD ./Core/Src/AFIO_program.o
LOAD ./Core/Src/EXTI_program.o
LOAD ./Core/Src/Functions.o
LOAD ./Core/Src/GPIO_program.o
LOAD ./Core/Src/Lcd_Program.o
LOAD ./Core/Src/Led_Programe.o
LOAD ./Core/Src/NVIC_program.o
LOAD ./Core/Src/OS_program.o
LOAD ./Core/Src/RCC_program.o
LOAD ./Core/Src/STP_program.o
LOAD ./Core/Src/Switch_Program.o
LOAD ./Core/Src/SysTick_program.o
LOAD ./Core/Src/main.o
LOAD ./Core/Src/stm32f1xx_hal_msp.o
LOAD ./Core/Src/stm32f1xx_it.o
LOAD ./Core/Src/syscalls.o
LOAD ./Core/Src/sysmem.o
LOAD ./Core/Src/system_stm32f1xx.o
LOAD ./Core/Startup/startup_stm32f103c6tx.o
LOAD ./Drivers/STM32F1xx_HAL_Driver/Src/stm32f1xx_hal.o
LOAD ./Drivers/STM32F1xx_HAL_Driver/Src/stm32f1xx_hal_cortex.o
LOAD ./Drivers/STM32F1xx_HAL_Driver/Src/stm32f1xx_hal_dma.o
LOAD ./Drivers/STM32F1xx_HAL_Driver/Src/stm32f1xx_hal_exti.o
LOAD ./Drivers/STM32F1xx_HAL_Driver/Src/stm32f1xx_hal_flash.o
LOAD ./Drivers/STM32F1xx_HAL_Driver/Src/stm32f1xx_hal_flash_ex.o
LOAD ./Drivers/STM32F1xx_HAL_Driver/Src/stm32f1xx_hal_gpio.o
LOAD ./Drivers/STM32F1xx_HAL_Driver/Src/stm32f1xx_hal_gpio_ex.o
LOAD ./Drivers/STM32F1xx_HAL_Driver/Src/stm32f1xx_hal_pwr.o
LOAD ./Drivers/STM32F1xx_HAL_Driver/Src/stm32f1xx_hal_rcc.o
LOAD ./Drivers/STM32F1xx_HAL_Driver/Src/stm32f1xx_hal_rcc_ex.o
START GROUP
LOAD C:/ST/STM32CubeIDE_1.14.1/STM32CubeIDE/plugins/com.st.stm32cube.ide.mcu.externaltools.gnu-tools-for-stm32.11.3.rel1.win32_1.1.100.202309141235/tools/bin/../lib/gcc/arm-none-eabi/11.3.1/../../../../arm-none-eabi/lib/thumb/v7-m/nofp\libc_nano.a
LOAD C:/ST/STM32CubeIDE_1.14.1/STM32CubeIDE/plugins/com.st.stm32cube.ide.mcu.externaltools.gnu-tools-for-stm32.11.3.rel1.win32_1.1.100.202309141235/tools/bin/../lib/gcc/arm-none-eabi/11.3.1/../../../../arm-none-eabi/lib/thumb/v7-m/nofp\libm.a
END GROUP
START GROUP
LOAD C:/ST/STM32CubeIDE_1.14.1/STM32CubeIDE/plugins/com.st.stm32cube.ide.mcu.externaltools.gnu-tools-for-stm32.11.3.rel1.win32_1.1.100.202309141235/tools/bin/../lib/gcc/arm-none-eabi/11.3.1/thumb/v7-m/nofp\libgcc.a
LOAD C:/ST/STM32CubeIDE_1.14.1/STM32CubeIDE/plugins/com.st.stm32cube.ide.mcu.externaltools.gnu-tools-for-stm32.11.3.rel1.win32_1.1.100.202309141235/tools/bin/../lib/gcc/arm-none-eabi/11.3.1/../../../../arm-none-eabi/lib/thumb/v7-m/nofp\libc_nano.a
END GROUP
START GROUP
LOAD C:/ST/STM32CubeIDE_1.14.1/STM32CubeIDE/plugins/com.st.stm32cube.ide.mcu.externaltools.gnu-tools-for-stm32.11.3.rel1.win32_1.1.100.202309141235/tools/bin/../lib/gcc/arm-none-eabi/11.3.1/thumb/v7-m/nofp\libgcc.a
LOAD C:/ST/STM32CubeIDE_1.14.1/STM32CubeIDE/plugins/com.st.stm32cube.ide.mcu.externaltools.gnu-tools-for-stm32.11.3.rel1.win32_1.1.100.202309141235/tools/bin/../lib/gcc/arm-none-eabi/11.3.1/../../../../arm-none-eabi/lib/thumb/v7-m/nofp\libc_nano.a
LOAD C:/ST/STM32CubeIDE_1.14.1/STM32CubeIDE/plugins/com.st.stm32cube.ide.mcu.externaltools.gnu-tools-for-stm32.11.3.rel1.win32_1.1.100.202309141235/tools/bin/../lib/gcc/arm-none-eabi/11.3.1/../../../../arm-none-eabi/lib/thumb/v7-m/nofp\libnosys.a
END GROUP
START GROUP
LOAD C:/ST/STM32CubeIDE_1.14.1/STM32CubeIDE/plugins/com.st.stm32cube.ide.mcu.externaltools.gnu-tools-for-stm32.11.3.rel1.win32_1.1.100.202309141235/tools/bin/../lib/gcc/arm-none-eabi/11.3.1/thumb/v7-m/nofp\libgcc.a
LOAD C:/ST/STM32CubeIDE_1.14.1/STM32CubeIDE/plugins/com.st.stm32cube.ide.mcu.externaltools.gnu-tools-for-stm32.11.3.rel1.win32_1.1.100.202309141235/tools/bin/../lib/gcc/arm-none-eabi/11.3.1/../../../../arm-none-eabi/lib/thumb/v7-m/nofp\libc_nano.a
LOAD C:/ST/STM32CubeIDE_1.14.1/STM32CubeIDE/plugins/com.st.stm32cube.ide.mcu.externaltools.gnu-tools-for-stm32.11.3.rel1.win32_1.1.100.202309141235/tools/bin/../lib/gcc/arm-none-eabi/11.3.1/../../../../arm-none-eabi/lib/thumb/v7-m/nofp\libnosys.a
END GROUP
LOAD C:/ST/STM32CubeIDE_1.14.1/STM32CubeIDE/plugins/com.st.stm32cube.ide.mcu.externaltools.gnu-tools-for-stm32.11.3.rel1.win32_1.1.100.202309141235/tools/bin/../lib/gcc/arm-none-eabi/11.3.1/thumb/v7-m/nofp/crtend.o
LOAD C:/ST/STM32CubeIDE_1.14.1/STM32CubeIDE/plugins/com.st.stm32cube.ide.mcu.externaltools.gnu-tools-for-stm32.11.3.rel1.win32_1.1.100.202309141235/tools/bin/../lib/gcc/arm-none-eabi/11.3.1/thumb/v7-m/nofp/crtn.o
                0x0000000020002800                _estack = (ORIGIN (RAM) + LENGTH (RAM))
                0x0000000000000200                _Min_Heap_Size = 0x200
                0x0000000000000400                _Min_Stack_Size = 0x400

.isr_vector     0x0000000008000000      0x10c
                0x0000000008000000                . = ALIGN (0x4)
 *(.isr_vector)
 .isr_vector    0x0000000008000000      0x10c ./Core/Startup/startup_stm32f103c6tx.o
                0x0000000008000000                g_pfnVectors
                0x000000000800010c                . = ALIGN (0x4)

.text           0x000000000800010c      0x708
                0x000000000800010c                . = ALIGN (0x4)
 *(.text)
 .text          0x000000000800010c       0x40 C:/ST/STM32CubeIDE_1.14.1/STM32CubeIDE/plugins/com.st.stm32cube.ide.mcu.externaltools.gnu-tools-for-stm32.11.3.rel1.win32_1.1.100.202309141235/tools/bin/../lib/gcc/arm-none-eabi/11.3.1/thumb/v7-m/nofp/crtbegin.o
 *(.text*)
 .text.EXTI0_IRQHandler
                0x000000000800014c       0x24 ./Core/Src/EXTI_program.o
                0x000000000800014c                EXTI0_IRQHandler
 .text.EXTI1_IRQHandler
                0x0000000008000170       0x24 ./Core/Src/EXTI_program.o
                0x0000000008000170                EXTI1_IRQHandler
 .text.EXTI2_IRQHandler
                0x0000000008000194       0x24 ./Core/Src/EXTI_program.o
                0x0000000008000194                EXTI2_IRQHandler
 .text.EXTI3_IRQHandler
                0x00000000080001b8       0x24 ./Core/Src/EXTI_program.o
                0x00000000080001b8                EXTI3_IRQHandler
 .text.EXTI4_IRQHandler
                0x00000000080001dc       0x24 ./Core/Src/EXTI_program.o
                0x00000000080001dc                EXTI4_IRQHandler
 .text.GPIO_voidSetPinDir
                0x0000000008000200      0x1b0 ./Core/Src/GPIO_program.o
                0x0000000008000200                GPIO_voidSetPinDir
 .text.GPIO_voidSetPinValue
                0x00000000080003b0      0x100 ./Core/Src/GPIO_program.o
                0x00000000080003b0                GPIO_voidSetPinValue
 .text.RCC_voidInitSysClock
                0x00000000080004b0       0x20 ./Core/Src/RCC_program.o
                0x00000000080004b0                RCC_voidInitSysClock
 .text.RCC_voidEnableClock
                0x00000000080004d0       0x84 ./Core/Src/RCC_program.o
                0x00000000080004d0                RCC_voidEnableClock
 .text.STP_voidSendSync
                0x0000000008000554       0x90 ./Core/Src/STP_program.o
                0x0000000008000554                STP_voidSendSync
 .text.STK_Init
                0x00000000080005e4       0x34 ./Core/Src/SysTick_program.o
                0x00000000080005e4                STK_Init
 .text.STK_Reset
                0x0000000008000618       0x30 ./Core/Src/SysTick_program.o
                0x0000000008000618                STK_Reset
 .text.STK_SetBusyWait
                0x0000000008000648       0x5c ./Core/Src/SysTick_program.o
                0x0000000008000648                STK_SetBusyWait
 .text.SysTick_Handler
                0x00000000080006a4       0x3c ./Core/Src/SysTick_program.o
                0x00000000080006a4                SysTick_Handler
 .text.main     0x00000000080006e0       0x3a ./Core/Src/main.o
                0x00000000080006e0                main
 .text.NMI_Handler
                0x000000000800071a        0x6 ./Core/Src/stm32f1xx_it.o
                0x000000000800071a                NMI_Handler
 .text.HardFault_Handler
                0x0000000008000720        0x6 ./Core/Src/stm32f1xx_it.o
                0x0000000008000720                HardFault_Handler
 .text.MemManage_Handler
                0x0000000008000726        0x6 ./Core/Src/stm32f1xx_it.o
                0x0000000008000726                MemManage_Handler
 .text.BusFault_Handler
                0x000000000800072c        0x6 ./Core/Src/stm32f1xx_it.o
                0x000000000800072c                BusFault_Handler
 .text.UsageFault_Handler
                0x0000000008000732        0x6 ./Core/Src/stm32f1xx_it.o
                0x0000000008000732                UsageFault_Handler
 .text.SVC_Handler
                0x0000000008000738        0xc ./Core/Src/stm32f1xx_it.o
                0x0000000008000738                SVC_Handler
 .text.DebugMon_Handler
                0x0000000008000744        0xc ./Core/Src/stm32f1xx_it.o
                0x0000000008000744                DebugMon_Handler
 .text.PendSV_Handler
                0x0000000008000750        0xc ./Core/Src/stm32f1xx_it.o
                0x0000000008000750                PendSV_Handler
 .text.SystemInit
                0x000000000800075c        0xc ./Core/Src/system_stm32f1xx.o
                0x000000000800075c                SystemInit
 .text.Reset_Handler
                0x0000000008000768       0x48 ./Core/Startup/startup_stm32f103c6tx.o
                0x0000000008000768                Reset_Handler
 .text.Default_Handler
                0x00000000080007b0        0x2 ./Core/Startup/startup_stm32f103c6tx.o
                0x00000000080007b0                RTC_Alarm_IRQHandler
                0x00000000080007b0                TIM1_CC_IRQHandler
                0x00000000080007b0                PVD_IRQHandler
                0x00000000080007b0                ADC1_2_IRQHandler
                0x00000000080007b0                SPI1_IRQHandler
                0x00000000080007b0                TAMPER_IRQHandler
                0x00000000080007b0                DMA1_Channel4_IRQHandler
                0x00000000080007b0                RTC_IRQHandler
                0x00000000080007b0                DMA1_Channel7_IRQHandler
                0x00000000080007b0                CAN1_RX1_IRQHandler
                0x00000000080007b0                I2C1_EV_IRQHandler
                0x00000000080007b0                DMA1_Channel6_IRQHandler
                0x00000000080007b0                TIM3_IRQHandler
                0x00000000080007b0                RCC_IRQHandler
                0x00000000080007b0                TIM1_TRG_COM_IRQHandler
                0x00000000080007b0                DMA1_Channel1_IRQHandler
                0x00000000080007b0                Default_Handler
                0x00000000080007b0                EXTI15_10_IRQHandler
                0x00000000080007b0                EXTI9_5_IRQHandler
                0x00000000080007b0                DMA1_Channel5_IRQHandler
                0x00000000080007b0                USB_LP_CAN1_RX0_IRQHandler
                0x00000000080007b0                USB_HP_CAN1_TX_IRQHandler
                0x00000000080007b0                DMA1_Channel3_IRQHandler
                0x00000000080007b0                TIM1_UP_IRQHandler
                0x00000000080007b0                WWDG_IRQHandler
                0x00000000080007b0                TIM2_IRQHandler
                0x00000000080007b0                TIM1_BRK_IRQHandler
                0x00000000080007b0                USART2_IRQHandler
                0x00000000080007b0                DMA1_Channel2_IRQHandler
                0x00000000080007b0                CAN1_SCE_IRQHandler
                0x00000000080007b0                FLASH_IRQHandler
                0x00000000080007b0                USART1_IRQHandler
                0x00000000080007b0                I2C1_ER_IRQHandler
                0x00000000080007b0                USBWakeUp_IRQHandler
 *fill*         0x00000000080007b2        0x2 
 .text.__libc_init_array
                0x00000000080007b4       0x48 C:/ST/STM32CubeIDE_1.14.1/STM32CubeIDE/plugins/com.st.stm32cube.ide.mcu.externaltools.gnu-tools-for-stm32.11.3.rel1.win32_1.1.100.202309141235/tools/bin/../lib/gcc/arm-none-eabi/11.3.1/../../../../arm-none-eabi/lib/thumb/v7-m/nofp\libc_nano.a(libc_a-init.o)
                0x00000000080007b4                __libc_init_array
 *(.glue_7)
 .glue_7        0x00000000080007fc        0x0 linker stubs
 *(.glue_7t)
 .glue_7t       0x00000000080007fc        0x0 linker stubs
 *(.eh_frame)
 .eh_frame      0x00000000080007fc        0x0 C:/ST/STM32CubeIDE_1.14.1/STM32CubeIDE/plugins/com.st.stm32cube.ide.mcu.externaltools.gnu-tools-for-stm32.11.3.rel1.win32_1.1.100.202309141235/tools/bin/../lib/gcc/arm-none-eabi/11.3.1/thumb/v7-m/nofp/crtbegin.o
 *(.init)
 .init          0x00000000080007fc        0x4 C:/ST/STM32CubeIDE_1.14.1/STM32CubeIDE/plugins/com.st.stm32cube.ide.mcu.externaltools.gnu-tools-for-stm32.11.3.rel1.win32_1.1.100.202309141235/tools/bin/../lib/gcc/arm-none-eabi/11.3.1/thumb/v7-m/nofp/crti.o
                0x00000000080007fc                _init
 .init          0x0000000008000800        0x8 C:/ST/STM32CubeIDE_1.14.1/STM32CubeIDE/plugins/com.st.stm32cube.ide.mcu.externaltools.gnu-tools-for-stm32.11.3.rel1.win32_1.1.100.202309141235/tools/bin/../lib/gcc/arm-none-eabi/11.3.1/thumb/v7-m/nofp/crtn.o
 *(.fini)
 .fini          0x0000000008000808        0x4 C:/ST/STM32CubeIDE_1.14.1/STM32CubeIDE/plugins/com.st.stm32cube.ide.mcu.externaltools.gnu-tools-for-stm32.11.3.rel1.win32_1.1.100.202309141235/tools/bin/../lib/gcc/arm-none-eabi/11.3.1/thumb/v7-m/nofp/crti.o
                0x0000000008000808                _fini
 .fini          0x000000000800080c        0x8 C:/ST/STM32CubeIDE_1.14.1/STM32CubeIDE/plugins/com.st.stm32cube.ide.mcu.externaltools.gnu-tools-for-stm32.11.3.rel1.win32_1.1.100.202309141235/tools/bin/../lib/gcc/arm-none-eabi/11.3.1/thumb/v7-m/nofp/crtn.o
                0x0000000008000814                . = ALIGN (0x4)
                0x0000000008000814                _etext = .

.vfp11_veneer   0x0000000008000814        0x0
 .vfp11_veneer  0x0000000008000814        0x0 linker stubs

.v4_bx          0x0000000008000814        0x0
 .v4_bx         0x0000000008000814        0x0 linker stubs

.iplt           0x0000000008000814        0x0
 .iplt          0x0000000008000814        0x0 C:/ST/STM32CubeIDE_1.14.1/STM32CubeIDE/plugins/com.st.stm32cube.ide.mcu.externaltools.gnu-tools-for-stm32.11.3.rel1.win32_1.1.100.202309141235/tools/bin/../lib/gcc/arm-none-eabi/11.3.1/thumb/v7-m/nofp/crtbegin.o

.rel.dyn        0x0000000008000814        0x0
 .rel.iplt      0x0000000008000814        0x0 C:/ST/STM32CubeIDE_1.14.1/STM32CubeIDE/plugins/com.st.stm32cube.ide.mcu.externaltools.gnu-tools-for-stm32.11.3.rel1.win32_1.1.100.202309141235/tools/bin/../lib/gcc/arm-none-eabi/11.3.1/thumb/v7-m/nofp/crtbegin.o

.rodata         0x0000000008000814        0x0
                0x0000000008000814                . = ALIGN (0x4)
 *(.rodata)
 *(.rodata*)
                0x0000000008000814                . = ALIGN (0x4)

.ARM.extab      0x0000000008000814        0x0
                0x0000000008000814                . = ALIGN (0x4)
 *(.ARM.extab* .gnu.linkonce.armextab.*)
                0x0000000008000814                . = ALIGN (0x4)

.ARM            0x0000000008000814        0x0
                0x0000000008000814                . = ALIGN (0x4)
                0x0000000008000814                __exidx_start = .
 *(.ARM.exidx*)
                0x0000000008000814                __exidx_end = .
                0x0000000008000814                . = ALIGN (0x4)

.preinit_array  0x0000000008000814        0x0
                0x0000000008000814                . = ALIGN (0x4)
                0x0000000008000814                PROVIDE (__preinit_array_start = .)
 *(.preinit_array*)
                0x0000000008000814                PROVIDE (__preinit_array_end = .)
                0x0000000008000814                . = ALIGN (0x4)

.init_array     0x0000000008000814        0x4
                0x0000000008000814                . = ALIGN (0x4)
                0x0000000008000814                PROVIDE (__init_array_start = .)
 *(SORT_BY_NAME(.init_array.*))
 *(.init_array*)
 .init_array    0x0000000008000814        0x4 C:/ST/STM32CubeIDE_1.14.1/STM32CubeIDE/plugins/com.st.stm32cube.ide.mcu.externaltools.gnu-tools-for-stm32.11.3.rel1.win32_1.1.100.202309141235/tools/bin/../lib/gcc/arm-none-eabi/11.3.1/thumb/v7-m/nofp/crtbegin.o
                0x0000000008000818                PROVIDE (__init_array_end = .)
                0x0000000008000818                . = ALIGN (0x4)

.fini_array     0x0000000008000818        0x4
                0x0000000008000818                . = ALIGN (0x4)
                [!provide]                        PROVIDE (__fini_array_start = .)
 *(SORT_BY_NAME(.fini_array.*))
 *(.fini_array*)
 .fini_array    0x0000000008000818        0x4 C:/ST/STM32CubeIDE_1.14.1/STM32CubeIDE/plugins/com.st.stm32cube.ide.mcu.externaltools.gnu-tools-for-stm32.11.3.rel1.win32_1.1.100.202309141235/tools/bin/../lib/gcc/arm-none-eabi/11.3.1/thumb/v7-m/nofp/crtbegin.o
                [!provide]                        PROVIDE (__fini_array_end = .)
                0x000000000800081c                . = ALIGN (0x4)
                0x000000000800081c                _sidata = LOADADDR (.data)

.data           0x0000000020000000        0x0 load address 0x000000000800081c
                0x0000000020000000                . = ALIGN (0x4)
                0x0000000020000000                _sdata = .
 *(.data)
 *(.data*)
 *(.RamFunc)
 *(.RamFunc*)
                0x0000000020000000                . = ALIGN (0x4)
                0x0000000020000000                _edata = .

.igot.plt       0x0000000020000000        0x0 load address 0x000000000800081c
 .igot.plt      0x0000000020000000        0x0 C:/ST/STM32CubeIDE_1.14.1/STM32CubeIDE/plugins/com.st.stm32cube.ide.mcu.externaltools.gnu-tools-for-stm32.11.3.rel1.win32_1.1.100.202309141235/tools/bin/../lib/gcc/arm-none-eabi/11.3.1/thumb/v7-m/nofp/crtbegin.o
                0x0000000020000000                . = ALIGN (0x4)

.bss            0x0000000020000000       0x64 load address 0x000000000800081c
                0x0000000020000000                _sbss = .
                0x0000000020000000                __bss_start__ = _sbss
 *(.bss)
 .bss           0x0000000020000000       0x1c C:/ST/STM32CubeIDE_1.14.1/STM32CubeIDE/plugins/com.st.stm32cube.ide.mcu.externaltools.gnu-tools-for-stm32.11.3.rel1.win32_1.1.100.202309141235/tools/bin/../lib/gcc/arm-none-eabi/11.3.1/thumb/v7-m/nofp/crtbegin.o
 *(.bss*)
 .bss.EXTI_callback
                0x000000002000001c       0x40 ./Core/Src/EXTI_program.o
 .bss.STK_Callback
                0x000000002000005c        0x4 ./Core/Src/SysTick_program.o
 .bss.STK_ModeOfInterval
                0x0000000020000060        0x1 ./Core/Src/SysTick_program.o
 *(COMMON)
                0x0000000020000064                . = ALIGN (0x4)
 *fill*         0x0000000020000061        0x3 
                0x0000000020000064                _ebss = .
                0x0000000020000064                __bss_end__ = _ebss

._user_heap_stack
                0x0000000020000064      0x604 load address 0x000000000800081c
                0x0000000020000068                . = ALIGN (0x8)
 *fill*         0x0000000020000064        0x4 
                [!provide]                        PROVIDE (end = .)
                0x0000000020000068                PROVIDE (_end = .)
                0x0000000020000268                . = (. + _Min_Heap_Size)
 *fill*         0x0000000020000068      0x200 
                0x0000000020000668                . = (. + _Min_Stack_Size)
 *fill*         0x0000000020000268      0x400 
                0x0000000020000668                . = ALIGN (0x8)

/DISCARD/
 libc.a(*)
 libm.a(*)
 libgcc.a(*)

.ARM.attributes
                0x0000000000000000       0x29
 *(.ARM.attributes)
 .ARM.attributes
                0x0000000000000000       0x1d C:/ST/STM32CubeIDE_1.14.1/STM32CubeIDE/plugins/com.st.stm32cube.ide.mcu.externaltools.gnu-tools-for-stm32.11.3.rel1.win32_1.1.100.202309141235/tools/bin/../lib/gcc/arm-none-eabi/11.3.1/thumb/v7-m/nofp/crti.o
 .ARM.attributes
                0x000000000000001d       0x2d C:/ST/STM32CubeIDE_1.14.1/STM32CubeIDE/plugins/com.st.stm32cube.ide.mcu.externaltools.gnu-tools-for-stm32.11.3.rel1.win32_1.1.100.202309141235/tools/bin/../lib/gcc/arm-none-eabi/11.3.1/thumb/v7-m/nofp/crtbegin.o
 .ARM.attributes
                0x000000000000004a       0x2d ./Core/Src/EXTI_program.o
 .ARM.attributes
                0x0000000000000077       0x2d ./Core/Src/GPIO_program.o
 .ARM.attributes
                0x00000000000000a4       0x2d ./Core/Src/RCC_program.o
 .ARM.attributes
                0x00000000000000d1       0x2d ./Core/Src/STP_program.o
 .ARM.attributes
                0x00000000000000fe       0x2d ./Core/Src/SysTick_program.o
 .ARM.attributes
                0x000000000000012b       0x2d ./Core/Src/main.o
 .ARM.attributes
                0x0000000000000158       0x2d ./Core/Src/stm32f1xx_it.o
 .ARM.attributes
                0x0000000000000185       0x2d ./Core/Src/system_stm32f1xx.o
 .ARM.attributes
                0x00000000000001b2       0x21 ./Core/Startup/startup_stm32f103c6tx.o
 .ARM.attributes
                0x00000000000001d3       0x2d C:/ST/STM32CubeIDE_1.14.1/STM32CubeIDE/plugins/com.st.stm32cube.ide.mcu.externaltools.gnu-tools-for-stm32.11.3.rel1.win32_1.1.100.202309141235/tools/bin/../lib/gcc/arm-none-eabi/11.3.1/../../../../arm-none-eabi/lib/thumb/v7-m/nofp\libc_nano.a(libc_a-init.o)
 .ARM.attributes
                0x0000000000000200       0x1d C:/ST/STM32CubeIDE_1.14.1/STM32CubeIDE/plugins/com.st.stm32cube.ide.mcu.externaltools.gnu-tools-for-stm32.11.3.rel1.win32_1.1.100.202309141235/tools/bin/../lib/gcc/arm-none-eabi/11.3.1/thumb/v7-m/nofp/crtn.o
OUTPUT(Drivers.elf elf32-littlearm)
LOAD linker stubs
LOAD C:/ST/STM32CubeIDE_1.14.1/STM32CubeIDE/plugins/com.st.stm32cube.ide.mcu.externaltools.gnu-tools-for-stm32.11.3.rel1.win32_1.1.100.202309141235/tools/bin/../lib/gcc/arm-none-eabi/11.3.1/../../../../arm-none-eabi/lib/thumb/v7-m/nofp\libc.a
LOAD C:/ST/STM32CubeIDE_1.14.1/STM32CubeIDE/plugins/com.st.stm32cube.ide.mcu.externaltools.gnu-tools-for-stm32.11.3.rel1.win32_1.1.100.202309141235/tools/bin/../lib/gcc/arm-none-eabi/11.3.1/../../../../arm-none-eabi/lib/thumb/v7-m/nofp\libm.a
LOAD C:/ST/STM32CubeIDE_1.14.1/STM32CubeIDE/plugins/com.st.stm32cube.ide.mcu.externaltools.gnu-tools-for-stm32.11.3.rel1.win32_1.1.100.202309141235/tools/bin/../lib/gcc/arm-none-eabi/11.3.1/thumb/v7-m/nofp\libgcc.a

.comment        0x0000000000000000       0x43
 .comment       0x0000000000000000       0x43 C:/ST/STM32CubeIDE_1.14.1/STM32CubeIDE/plugins/com.st.stm32cube.ide.mcu.externaltools.gnu-tools-for-stm32.11.3.rel1.win32_1.1.100.202309141235/tools/bin/../lib/gcc/arm-none-eabi/11.3.1/thumb/v7-m/nofp/crtbegin.o
                                         0x44 (size before relaxing)
 .comment       0x0000000000000043       0x44 ./Core/Src/EXTI_program.o
 .comment       0x0000000000000043       0x44 ./Core/Src/GPIO_program.o
 .comment       0x0000000000000043       0x44 ./Core/Src/RCC_program.o
 .comment       0x0000000000000043       0x44 ./Core/Src/STP_program.o
 .comment       0x0000000000000043       0x44 ./Core/Src/SysTick_program.o
 .comment       0x0000000000000043       0x44 ./Core/Src/main.o
 .comment       0x0000000000000043       0x44 ./Core/Src/stm32f1xx_it.o
 .comment       0x0000000000000043       0x44 ./Core/Src/system_stm32f1xx.o

.debug_info     0x0000000000000000      0xd74
 .debug_info    0x0000000000000000      0x2f0 ./Core/Src/EXTI_program.o
 .debug_info    0x00000000000002f0      0x1bf ./Core/Src/GPIO_program.o
 .debug_info    0x00000000000004af      0x101 ./Core/Src/RCC_program.o
 .debug_info    0x00000000000005b0       0xff ./Core/Src/STP_program.o
 .debug_info    0x00000000000006af      0x295 ./Core/Src/SysTick_program.o
 .debug_info    0x0000000000000944       0xf3 ./Core/Src/main.o
 .debug_info    0x0000000000000a37       0xf8 ./Core/Src/stm32f1xx_it.o
 .debug_info    0x0000000000000b2f      0x222 ./Core/Src/system_stm32f1xx.o
 .debug_info    0x0000000000000d51       0x23 ./Core/Startup/startup_stm32f103c6tx.o

.debug_abbrev   0x0000000000000000      0x67d
 .debug_abbrev  0x0000000000000000      0x12c ./Core/Src/EXTI_program.o
 .debug_abbrev  0x000000000000012c       0xb2 ./Core/Src/GPIO_program.o
 .debug_abbrev  0x00000000000001de       0x84 ./Core/Src/RCC_program.o
 .debug_abbrev  0x0000000000000262       0x96 ./Core/Src/STP_program.o
 .debug_abbrev  0x00000000000002f8      0x168 ./Core/Src/SysTick_program.o
 .debug_abbrev  0x0000000000000460       0x85 ./Core/Src/main.o
 .debug_abbrev  0x00000000000004e5       0x47 ./Core/Src/stm32f1xx_it.o
 .debug_abbrev  0x000000000000052c      0x13f ./Core/Src/system_stm32f1xx.o
 .debug_abbrev  0x000000000000066b       0x12 ./Core/Startup/startup_stm32f103c6tx.o

.debug_aranges  0x0000000000000000      0x290
 .debug_aranges
                0x0000000000000000       0xc8 ./Core/Src/EXTI_program.o
 .debug_aranges
                0x00000000000000c8       0x40 ./Core/Src/GPIO_program.o
 .debug_aranges
                0x0000000000000108       0x30 ./Core/Src/RCC_program.o
 .debug_aranges
                0x0000000000000138       0x20 ./Core/Src/STP_program.o
 .debug_aranges
                0x0000000000000158       0x70 ./Core/Src/SysTick_program.o
 .debug_aranges
                0x00000000000001c8       0x20 ./Core/Src/main.o
 .debug_aranges
                0x00000000000001e8       0x58 ./Core/Src/stm32f1xx_it.o
 .debug_aranges
                0x0000000000000240       0x28 ./Core/Src/system_stm32f1xx.o
 .debug_aranges
                0x0000000000000268       0x28 ./Core/Startup/startup_stm32f103c6tx.o

.debug_rnglists
                0x0000000000000000      0x1c6
 .debug_rnglists
                0x0000000000000000       0x91 ./Core/Src/EXTI_program.o
 .debug_rnglists
                0x0000000000000091       0x2e ./Core/Src/GPIO_program.o
 .debug_rnglists
                0x00000000000000bf       0x21 ./Core/Src/RCC_program.o
 .debug_rnglists
                0x00000000000000e0       0x14 ./Core/Src/STP_program.o
 .debug_rnglists
                0x00000000000000f4       0x4f ./Core/Src/SysTick_program.o
 .debug_rnglists
                0x0000000000000143       0x13 ./Core/Src/main.o
 .debug_rnglists
                0x0000000000000156       0x3d ./Core/Src/stm32f1xx_it.o
 .debug_rnglists
                0x0000000000000193       0x1a ./Core/Src/system_stm32f1xx.o
 .debug_rnglists
                0x00000000000001ad       0x19 ./Core/Startup/startup_stm32f103c6tx.o

.debug_macro    0x0000000000000000    0x148d1
 .debug_macro   0x0000000000000000       0x3f ./Core/Src/EXTI_program.o
 .debug_macro   0x000000000000003f       0x82 ./Core/Src/EXTI_program.o
 .debug_macro   0x00000000000000c1       0x16 ./Core/Src/EXTI_program.o
 .debug_macro   0x00000000000000d7       0x43 ./Core/Src/GPIO_program.o
 .debug_macro   0x000000000000011a       0xe2 ./Core/Src/GPIO_program.o
 .debug_macro   0x00000000000001fc       0x9a ./Core/Src/GPIO_program.o
 .debug_macro   0x0000000000000296       0x42 ./Core/Src/RCC_program.o
 .debug_macro   0x00000000000002d8      0x13c ./Core/Src/RCC_program.o
 .debug_macro   0x0000000000000414       0x82 ./Core/Src/RCC_program.o
 .debug_macro   0x0000000000000496       0x10 ./Core/Src/RCC_program.o
 .debug_macro   0x00000000000004a6       0x66 ./Core/Src/STP_program.o
 .debug_macro   0x000000000000050c       0x1c ./Core/Src/STP_program.o
 .debug_macro   0x0000000000000528       0x3f ./Core/Src/SysTick_program.o
 .debug_macro   0x0000000000000567       0x16 ./Core/Src/SysTick_program.o
 .debug_macro   0x000000000000057d       0x58 ./Core/Src/SysTick_program.o
 .debug_macro   0x00000000000005d5      0x251 ./Core/Src/main.o
 .debug_macro   0x0000000000000826      0x209 ./Core/Src/main.o
 .debug_macro   0x0000000000000a2f       0x2e ./Core/Src/main.o
 .debug_macro   0x0000000000000a5d       0x22 ./Core/Src/main.o
 .debug_macro   0x0000000000000a7f       0x22 ./Core/Src/main.o
 .debug_macro   0x0000000000000aa1       0x8e ./Core/Src/main.o
 .debug_macro   0x0000000000000b2f       0x51 ./Core/Src/main.o
 .debug_macro   0x0000000000000b80      0x103 ./Core/Src/main.o
 .debug_macro   0x0000000000000c83       0x6a ./Core/Src/main.o
 .debug_macro   0x0000000000000ced      0x1df ./Core/Src/main.o
 .debug_macro   0x0000000000000ecc       0x1c ./Core/Src/main.o
 .debug_macro   0x0000000000000ee8       0x22 ./Core/Src/main.o
 .debug_macro   0x0000000000000f0a       0xbd ./Core/Src/main.o
 .debug_macro   0x0000000000000fc7      0xd23 ./Core/Src/main.o
 .debug_macro   0x0000000000001cea     0xde75 ./Core/Src/main.o
 .debug_macro   0x000000000000fb5f       0x6d ./Core/Src/main.o
 .debug_macro   0x000000000000fbcc     0x348d ./Core/Src/main.o
 .debug_macro   0x0000000000013059      0x174 ./Core/Src/main.o
 .debug_macro   0x00000000000131cd       0x5c ./Core/Src/main.o
 .debug_macro   0x0000000000013229      0x5bc ./Core/Src/main.o
 .debug_macro   0x00000000000137e5      0x1b7 ./Core/Src/main.o
 .debug_macro   0x000000000001399c      0x1cb ./Core/Src/main.o
 .debug_macro   0x0000000000013b67      0x114 ./Core/Src/main.o
 .debug_macro   0x0000000000013c7b      0x1b2 ./Core/Src/main.o
 .debug_macro   0x0000000000013e2d       0x27 ./Core/Src/main.o
 .debug_macro   0x0000000000013e54      0x12f ./Core/Src/main.o
 .debug_macro   0x0000000000013f83      0x1bc ./Core/Src/main.o
 .debug_macro   0x000000000001413f       0x34 ./Core/Src/main.o
 .debug_macro   0x0000000000014173       0x3c ./Core/Src/main.o
 .debug_macro   0x00000000000141af       0x57 ./Core/Src/main.o
 .debug_macro   0x0000000000014206       0x87 ./Core/Src/main.o
 .debug_macro   0x000000000001428d      0x183 ./Core/Src/main.o
 .debug_macro   0x0000000000014410      0x140 ./Core/Src/main.o
 .debug_macro   0x0000000000014550       0x69 ./Core/Src/main.o
 .debug_macro   0x00000000000145b9      0x196 ./Core/Src/stm32f1xx_it.o
 .debug_macro   0x000000000001474f      0x182 ./Core/Src/system_stm32f1xx.o

.debug_line     0x0000000000000000     0x21cd
 .debug_line    0x0000000000000000      0x308 ./Core/Src/EXTI_program.o
 .debug_line    0x0000000000000308      0x2cf ./Core/Src/GPIO_program.o
 .debug_line    0x00000000000005d7      0x129 ./Core/Src/RCC_program.o
 .debug_line    0x0000000000000700      0x12d ./Core/Src/STP_program.o
 .debug_line    0x000000000000082d      0x256 ./Core/Src/SysTick_program.o
 .debug_line    0x0000000000000a83      0x832 ./Core/Src/main.o
 .debug_line    0x00000000000012b5      0x766 ./Core/Src/stm32f1xx_it.o
 .debug_line    0x0000000000001a1b      0x73a ./Core/Src/system_stm32f1xx.o
 .debug_line    0x0000000000002155       0x78 ./Core/Startup/startup_stm32f103c6tx.o

.debug_str      0x0000000000000000    0x7a493
 .debug_str     0x0000000000000000     0x323b ./Core/Src/EXTI_program.o
                                       0x32a1 (size before relaxing)
 .debug_str     0x000000000000323b      0x8e4 ./Core/Src/GPIO_program.o
                                       0x387f (size before relaxing)
 .debug_str     0x0000000000003b1f      0x6c7 ./Core/Src/RCC_program.o
                                       0x3662 (size before relaxing)
 .debug_str     0x00000000000041e6      0x1bf ./Core/Src/STP_program.o
                                       0x343b (size before relaxing)
 .debug_str     0x00000000000043a5      0x35a ./Core/Src/SysTick_program.o
                                       0x331f (size before relaxing)
 .debug_str     0x00000000000046ff    0x75be1 ./Core/Src/main.o
                                      0x79c39 (size before relaxing)
 .debug_str     0x000000000007a2e0       0xad ./Core/Src/stm32f1xx_it.o
                                      0x788be (size before relaxing)
 .debug_str     0x000000000007a38d       0xd2 ./Core/Src/system_stm32f1xx.o
                                      0x788f0 (size before relaxing)
 .debug_str     0x000000000007a45f       0x34 ./Core/Startup/startup_stm32f103c6tx.o
                                         0x6f (size before relaxing)

.debug_frame    0x0000000000000000      0x76c
 .debug_frame   0x0000000000000000      0x2b8 ./Core/Src/EXTI_program.o
 .debug_frame   0x00000000000002b8       0xd8 ./Core/Src/GPIO_program.o
 .debug_frame   0x0000000000000390       0x80 ./Core/Src/RCC_program.o
 .debug_frame   0x0000000000000410       0x34 ./Core/Src/STP_program.o
 .debug_frame   0x0000000000000444      0x190 ./Core/Src/SysTick_program.o
 .debug_frame   0x00000000000005d4       0x2c ./Core/Src/main.o
 .debug_frame   0x0000000000000600       0xe8 ./Core/Src/stm32f1xx_it.o
 .debug_frame   0x00000000000006e8       0x58 ./Core/Src/system_stm32f1xx.o
 .debug_frame   0x0000000000000740       0x2c C:/ST/STM32CubeIDE_1.14.1/STM32CubeIDE/plugins/com.st.stm32cube.ide.mcu.externaltools.gnu-tools-for-stm32.11.3.rel1.win32_1.1.100.202309141235/tools/bin/../lib/gcc/arm-none-eabi/11.3.1/../../../../arm-none-eabi/lib/thumb/v7-m/nofp\libc_nano.a(libc_a-init.o)

.debug_line_str
                0x0000000000000000       0x63
 .debug_line_str
                0x0000000000000000       0x63 ./Core/Startup/startup_stm32f103c6tx.o
                                         0x7b (size before relaxing)
